V3 30
FL /home/bismarck/Desktop/VHDL_LABS/four_of_fie_voter_circuit/comparator.vhd 2020/02/13.14:24:04 P.20131013
EN work/comparator 0 \
      FL /home/bismarck/Desktop/VHDL_LABS/four_of_fie_voter_circuit/comparator.vhd \
      PB ieee/std_logic_1164 1381692176 PB ieee/NUMERIC_STD 1381692181
AR work/comparator/Behavioral 0 \
      FL /home/bismarck/Desktop/VHDL_LABS/four_of_fie_voter_circuit/comparator.vhd \
      EN work/comparator 0
FL /home/bismarck/Desktop/VHDL_LABS/four_of_fie_voter_circuit/comparator1.vhd 2020/02/13.15:41:21 P.20131013
EN work/comparator1 1581610783 \
      FL /home/bismarck/Desktop/VHDL_LABS/four_of_fie_voter_circuit/comparator1.vhd \
      PB ieee/std_logic_1164 1381692176 PB ieee/NUMERIC_STD 1381692181
AR work/comparator1/Behavioral 1581610784 \
      FL /home/bismarck/Desktop/VHDL_LABS/four_of_fie_voter_circuit/comparator1.vhd \
      EN work/comparator1 1581610783
FL /home/bismarck/Desktop/VHDL_LABS/four_of_fie_voter_circuit/comparator_s.vhd 2020/02/13.16:36:28 P.20131013
EN work/comparator_s 1581611808 \
      FL /home/bismarck/Desktop/VHDL_LABS/four_of_fie_voter_circuit/comparator_s.vhd \
      PB ieee/std_logic_1164 1381692176 PB ieee/NUMERIC_STD 1381692181
AR work/comparator_s/Behavioral 1581611809 \
      FL /home/bismarck/Desktop/VHDL_LABS/four_of_fie_voter_circuit/comparator_s.vhd \
      EN work/comparator_s 1581611808
FL /home/bismarck/Desktop/VHDL_LABS/four_of_fie_voter_circuit/comparator_select.vhd 2020/02/13.15:55:41 P.20131013
EN work/comparator_select 0 \
      FL /home/bismarck/Desktop/VHDL_LABS/four_of_fie_voter_circuit/comparator_select.vhd \
      PB ieee/std_logic_1164 1381692176 PB ieee/NUMERIC_STD 1381692181
AR work/comparator_select/Behavioral 0 \
      FL /home/bismarck/Desktop/VHDL_LABS/four_of_fie_voter_circuit/comparator_select.vhd \
      EN work/comparator_select 0
FL /home/bismarck/Desktop/VHDL_LABS/four_of_fie_voter_circuit/voter4of5.vhd 2020/02/02.09:56:00 P.20131013
EN work/voter4of5 1580986328 \
      FL /home/bismarck/Desktop/VHDL_LABS/four_of_fie_voter_circuit/voter4of5.vhd \
      PB ieee/std_logic_1164 1381692176
AR work/voter4of5/Behavioral 1580986329 \
      FL /home/bismarck/Desktop/VHDL_LABS/four_of_fie_voter_circuit/voter4of5.vhd \
      EN work/voter4of5 1580986328
FL /home/bismarck/Desktop/VHDL_LABS/four_of_fie_voter_circuit/voter4of5_conditional.vhd 2020/02/07.09:34:23 P.20131013
EN work/voter4of5_conditional 1581084461 \
      FL /home/bismarck/Desktop/VHDL_LABS/four_of_fie_voter_circuit/voter4of5_conditional.vhd \
      PB ieee/std_logic_1164 1381692176
AR work/voter4of5_conditional/Behavioral 1581084462 \
      FL /home/bismarck/Desktop/VHDL_LABS/four_of_fie_voter_circuit/voter4of5_conditional.vhd \
      EN work/voter4of5_conditional 1581084461
FL /home/bismarck/Desktop/VHDL_LABS/four_of_fie_voter_circuit/voter4of5_select.vhd 2020/02/03.01:35:03 P.20131013
EN work/voter4of5_select 0 \
      FL /home/bismarck/Desktop/VHDL_LABS/four_of_fie_voter_circuit/voter4of5_select.vhd \
      PB ieee/std_logic_1164 1381692176
AR work/voter4of5_select/Behavioral 0 \
      FL /home/bismarck/Desktop/VHDL_LABS/four_of_fie_voter_circuit/voter4of5_select.vhd \
      EN work/voter4of5_select 0
FL /home/bismarck/Desktop/VHDL_LABS/four_of_fie_voter_circuit/voter_2_of_5.vhd 2020/02/11.14:32:24 P.20131013
EN work/voter_2_of_5 1581431561 \
      FL /home/bismarck/Desktop/VHDL_LABS/four_of_fie_voter_circuit/voter_2_of_5.vhd \
      PB ieee/std_logic_1164 1381692176
AR work/voter_2_of_5/voter_2_of_5_OP 1581431562 \
      FL /home/bismarck/Desktop/VHDL_LABS/four_of_fie_voter_circuit/voter_2_of_5.vhd \
      EN work/voter_2_of_5 1581431561
FL /home/bismarck/Desktop/VHDL_LABS/four_of_fie_voter_circuit/voter_2_of_5_conditional.vhd 2020/02/11.16:51:41 P.20131013
EN work/voter_2_of_5_conditional 1581439918 \
      FL /home/bismarck/Desktop/VHDL_LABS/four_of_fie_voter_circuit/voter_2_of_5_conditional.vhd \
      PB ieee/std_logic_1164 1381692176
AR work/voter_2_of_5_conditional/voter_2_of_5_cdnOP 1581439919 \
      FL /home/bismarck/Desktop/VHDL_LABS/four_of_fie_voter_circuit/voter_2_of_5_conditional.vhd \
      EN work/voter_2_of_5_conditional 1581439918
FL /home/bismarck/Desktop/VHDL_LABS/four_of_fie_voter_circuit/voter_2_of_5_select.vhd 2020/02/11.16:57:30 P.20131013
EN work/voter_2_of_5_select 1581603750 \
      FL /home/bismarck/Desktop/VHDL_LABS/four_of_fie_voter_circuit/voter_2_of_5_select.vhd \
      PB ieee/std_logic_1164 1381692176
AR work/voter_2_of_5_select/voter_2_of_5_OP 1581603751 \
      FL /home/bismarck/Desktop/VHDL_LABS/four_of_fie_voter_circuit/voter_2_of_5_select.vhd \
      EN work/voter_2_of_5_select 1581603750
