V3 6
FL /home/bismarck/Desktop/VHDLDemo/mux_8_1/mux8_if.vhd 2020/02/21.13:50:04 P.20131013
EN work/mux8_if 1582293011 FL /home/bismarck/Desktop/VHDLDemo/mux_8_1/mux8_if.vhd \
      PB ieee/std_logic_1164 1381692176
AR work/mux8_if/Behavioral 1582293012 \
      FL /home/bismarck/Desktop/VHDLDemo/mux_8_1/mux8_if.vhd EN work/mux8_if 1582293011
FL /home/bismarck/Desktop/VHDLDemo/mux_8_1/mux8_nestedCase.vhd 2020/02/21.13:37:51 P.20131013
EN work/mux8_nestedCase 1582648063 \
      FL /home/bismarck/Desktop/VHDLDemo/mux_8_1/mux8_nestedCase.vhd \
      PB ieee/std_logic_1164 1381692176
AR work/mux8_nestedCase/Behavioral 1582648064 \
      FL /home/bismarck/Desktop/VHDLDemo/mux_8_1/mux8_nestedCase.vhd \
      EN work/mux8_nestedCase 1582648063
