EN multiplexer NULL /home/bismarck/Desktop/VHDLDemo/Demo/multiplexer.vhd sub00/vhpl02 1579374665
EN select_signals_1 NULL /home/bismarck/Desktop/VHDLDemo/Demo/select_signals_1.vhd sub00/vhpl30 1580121749
EN select_signals_2 NULL /home/bismarck/Desktop/VHDLDemo/Demo/select_signals_2.vhd sub00/vhpl31 1580122081
AR case_statement case_statement_op /home/bismarck/Desktop/VHDLDemo/Demo/case_statement.vhd sub00/vhpl42 1582703972
AR circuit1 behavioral /home/bismarck/Desktop/VHDLDemo/Demo/circuit1.vhd sub00/vhpl19 1579727960
EN notgate NULL /home/bismarck/Desktop/VHDLDemo/Demo/notgate.vhd sub00/vhpl06 1580122297
EN case_mux_8to1_testcase NULL /home/bismarck/Desktop/VHDLDemo/Demo/case_Mux_8to1_testcase.vhd sub00/vhpl45 1582737582
EN circuit1 NULL /home/bismarck/Desktop/VHDLDemo/Demo/circuit1.vhd sub00/vhpl18 1579727959
EN and2gate NULL /home/bismarck/Desktop/VHDLDemo/Demo/and2gate.vhd sub00/vhpl08 1580122299
AR concurren_signals behavioral /home/bismarck/Desktop/VHDLDemo/Demo/concurren_signals.vhd sub00/vhpl27 1579792322
EN process_if NULL /home/bismarck/Desktop/VHDLDemo/Demo/process_if.vhd sub00/vhpl37 1582238775
EN half_adder NULL /home/bismarck/Desktop/VHDLDemo/Demo/half_adder.vhd sub00/vhpl00 1579299182
EN my_xor NULL /home/bismarck/Desktop/VHDLDemo/Demo/my_xor.vhd sub00/vhpl33 1581417914
AR ok behavioral /home/bismarck/Desktop/VHDLDemo/Demo/ok.vhd sub00/vhpl15 1579726256
AR my_xor behavioral /home/bismarck/Desktop/VHDLDemo/Demo/my_xor.vhd sub00/vhpl34 1581417915
EN lab3 NULL /home/bismarck/Desktop/VHDLDemo/Demo/LAB3.vhd sub00/vhpl47 1582737764
AR case_mux_8to1_testcase case_mux_8to1_testcase_op /home/bismarck/Desktop/VHDLDemo/Demo/case_Mux_8to1_testcase.vhd sub00/vhpl46 1582737583
EN case_statement NULL /home/bismarck/Desktop/VHDLDemo/Demo/case_statement.vhd sub00/vhpl41 1582703971
AR my_ent behavioral /home/bismarck/Desktop/VHDLDemo/Demo/my_ent.vhd sub00/vhpl17 1579726420
EN ok NULL /home/bismarck/Desktop/VHDLDemo/Demo/ok.vhd sub00/vhpl14 1579726255
AR j_comp behavioral /home/bismarck/Desktop/VHDLDemo/Demo/j_comp.vhd sub00/vhpl49 1582738001
AR my_circuit_signals behavioral /home/bismarck/Desktop/VHDLDemo/Demo/my_circuit_signals.vhd sub00/vhpl23 1579776610
EN conditional NULL /home/bismarck/Desktop/VHDLDemo/Demo/conditional.vhd sub00/vhpl24 1579792060
AR select_signals_2 behavioral /home/bismarck/Desktop/VHDLDemo/Demo/select_signals_2.vhd sub00/vhpl32 1580122007
AR process_mux process_mux_op /home/bismarck/Desktop/VHDLDemo/Demo/process_mux.vhd sub00/vhpl40 1582702772
AR process_one process_op /home/bismarck/Desktop/VHDLDemo/Demo/process_one.vhd sub00/vhpl36 1582237809
AR process_if process_if_op /home/bismarck/Desktop/VHDLDemo/Demo/process_if.vhd sub00/vhpl38 1582238776
EN case_mux_8to1 NULL /home/bismarck/Desktop/VHDLDemo/Demo/case_Mux_8to1.vhd sub00/vhpl43 1582704594
AR mux_single_condition behavioral /home/bismarck/Desktop/VHDLDemo/Demo/mux_single_condition.vhd sub00/vhpl29 1579793832
AR case_mux_8to1 case_mux_8to1_op /home/bismarck/Desktop/VHDLDemo/Demo/case_Mux_8to1.vhd sub00/vhpl44 1582704595
AR conditional behavioral /home/bismarck/Desktop/VHDLDemo/Demo/conditional.vhd sub00/vhpl25 1579792061
EN mux NULL /home/bismarck/Desktop/VHDLDemo/Demo/mux.vhd sub00/vhpl04 1579507059
EN process_one NULL /home/bismarck/Desktop/VHDLDemo/Demo/process_one.vhd sub00/vhpl35 1582237808
EN multipexer NULL /home/bismarck/Desktop/VHDLDemo/Demo/multipexer.vhd sub00/vhpl12 1580122303
EN my_circuit_signals NULL /home/bismarck/Desktop/VHDLDemo/Demo/my_circuit_signals.vhd sub00/vhpl22 1579776609
AR multipexer structural /home/bismarck/Desktop/VHDLDemo/Demo/multipexer.vhd sub00/vhpl13 1580122304
EN my_ent NULL /home/bismarck/Desktop/VHDLDemo/Demo/my_ent.vhd sub00/vhpl16 1579726419
EN process_mux NULL /home/bismarck/Desktop/VHDLDemo/Demo/process_mux.vhd sub00/vhpl39 1582702771
AR half_adder behavioral /home/bismarck/Desktop/VHDLDemo/Demo/half_adder.vhd sub00/vhpl01 1579299183
EN j_comp NULL /home/bismarck/Desktop/VHDLDemo/Demo/j_comp.vhd sub00/vhpl48 1582738000
AR or2gate dataflow /home/bismarck/Desktop/VHDLDemo/Demo/or2gate.vhd sub00/vhpl11 1580122302
EN mux_single_condition NULL /home/bismarck/Desktop/VHDLDemo/Demo/mux_single_condition.vhd sub00/vhpl28 1579793831
AR my_circuit behavioral /home/bismarck/Desktop/VHDLDemo/Demo/my_circuit.vhd sub00/vhpl21 1579767462
AR mux dataflow /home/bismarck/Desktop/VHDLDemo/Demo/mux.vhd sub00/vhpl05 1579507060
EN concurren_signals NULL /home/bismarck/Desktop/VHDLDemo/Demo/concurren_signals.vhd sub00/vhpl26 1579792321
EN my_circuit NULL /home/bismarck/Desktop/VHDLDemo/Demo/my_circuit.vhd sub00/vhpl20 1579767461
AR multiplexer behavioral /home/bismarck/Desktop/VHDLDemo/Demo/multiplexer.vhd sub00/vhpl03 1579374666
EN or2gate NULL /home/bismarck/Desktop/VHDLDemo/Demo/or2gate.vhd sub00/vhpl10 1580122301
AR notgate dataflow /home/bismarck/Desktop/VHDLDemo/Demo/notgate.vhd sub00/vhpl07 1580122298
AR and2gate dataflow /home/bismarck/Desktop/VHDLDemo/Demo/and2gate.vhd sub00/vhpl09 1580122300
