V3 81
FL /home/bismarck/Desktop/VHDLDemo/Demo/and2gate.vhd 2020/01/20.08:22:50 P.20131013
EN work/and2gate 1580122299 FL /home/bismarck/Desktop/VHDLDemo/Demo/and2gate.vhd \
      PB ieee/std_logic_1164 1381692176
AR work/and2gate/Dataflow 1580122300 \
      FL /home/bismarck/Desktop/VHDLDemo/Demo/and2gate.vhd EN work/and2gate 1580122299
FL /home/bismarck/Desktop/VHDLDemo/Demo/case_Mux_8to1.vhd 2020/02/26.08:09:47 P.20131013
EN work/case_Mux_8to1 1582704594 \
      FL /home/bismarck/Desktop/VHDLDemo/Demo/case_Mux_8to1.vhd \
      PB ieee/std_logic_1164 1381692176
AR work/case_Mux_8to1/case_Mux_8to1_OP 1582704595 \
      FL /home/bismarck/Desktop/VHDLDemo/Demo/case_Mux_8to1.vhd \
      EN work/case_Mux_8to1 1582704594
FL /home/bismarck/Desktop/VHDLDemo/Demo/case_Mux_8to1_testcase.vhd 2020/02/26.08:10:46 P.20131013
EN work/case_Mux_8to1_testcase 1582737582 \
      FL /home/bismarck/Desktop/VHDLDemo/Demo/case_Mux_8to1_testcase.vhd \
      PB ieee/std_logic_1164 1381692176
AR work/case_Mux_8to1_testcase/case_Mux_8to1_testcase_OP 1582737583 \
      FL /home/bismarck/Desktop/VHDLDemo/Demo/case_Mux_8to1_testcase.vhd \
      EN work/case_Mux_8to1_testcase 1582737582
FL /home/bismarck/Desktop/VHDLDemo/Demo/case_statement.vhd 2020/02/26.07:59:26 P.20131013
EN work/case_statement 1582703971 \
      FL /home/bismarck/Desktop/VHDLDemo/Demo/case_statement.vhd \
      PB ieee/std_logic_1164 1381692176
AR work/case_statement/case_statement_OP 1582703972 \
      FL /home/bismarck/Desktop/VHDLDemo/Demo/case_statement.vhd \
      EN work/case_statement 1582703971
FL /home/bismarck/Desktop/VHDLDemo/Demo/circuit1.vhd 2020/01/22.21:19:06 P.20131013
EN work/circuit1 1579727959 FL /home/bismarck/Desktop/VHDLDemo/Demo/circuit1.vhd \
      PB ieee/std_logic_1164 1381692176
AR work/circuit1/Behavioral 1579727960 \
      FL /home/bismarck/Desktop/VHDLDemo/Demo/circuit1.vhd EN work/circuit1 1579727959
FL /home/bismarck/Desktop/VHDLDemo/Demo/concurren_signals.vhd 2020/01/23.15:11:39 P.20131013
EN work/concurren_signals 1579792321 \
      FL /home/bismarck/Desktop/VHDLDemo/Demo/concurren_signals.vhd \
      PB ieee/std_logic_1164 1381692176
AR work/concurren_signals/Behavioral 1579792322 \
      FL /home/bismarck/Desktop/VHDLDemo/Demo/concurren_signals.vhd \
      EN work/concurren_signals 1579792321
FL /home/bismarck/Desktop/VHDLDemo/Demo/conditional.vhd 2020/01/23.15:07:29 P.20131013
EN work/conditional 1579792060 \
      FL /home/bismarck/Desktop/VHDLDemo/Demo/conditional.vhd \
      PB ieee/std_logic_1164 1381692176
AR work/conditional/Behavioral 1579792061 \
      FL /home/bismarck/Desktop/VHDLDemo/Demo/conditional.vhd EN work/conditional 1579792060
FL /home/bismarck/Desktop/VHDLDemo/Demo/half_adder.vhd 2020/01/16.10:49:15 P.20131013
EN work/half_adder 1579299182 \
      FL /home/bismarck/Desktop/VHDLDemo/Demo/half_adder.vhd \
      PB ieee/std_logic_1164 1381692176
AR work/half_adder/Behavioral 1579299183 \
      FL /home/bismarck/Desktop/VHDLDemo/Demo/half_adder.vhd EN work/half_adder 1579299182
FL /home/bismarck/Desktop/VHDLDemo/Demo/j_comp.vhd 2020/02/26.17:26:31 P.20131013
EN work/j_comp 1582738000 FL /home/bismarck/Desktop/VHDLDemo/Demo/j_comp.vhd \
      PB ieee/std_logic_1164 1381692176
AR work/j_comp/Behavioral 1582738001 \
      FL /home/bismarck/Desktop/VHDLDemo/Demo/j_comp.vhd EN work/j_comp 1582738000
FL /home/bismarck/Desktop/VHDLDemo/Demo/LAB3.vhd 2020/02/14.11:18:25 P.20131013
EN work/LAB3 0 FL /home/bismarck/Desktop/VHDLDemo/Demo/LAB3.vhd \
      PB ieee/std_logic_1164 1381692176
AR work/LAB3/Behavioral 0 \
      FL /home/bismarck/Desktop/VHDLDemo/Demo/LAB3.vhd EN work/LAB3 0
FL /home/bismarck/Desktop/VHDLDemo/Demo/multipexer.vhd 2020/01/22.20:17:29 P.20131013
EN work/multipexer 1580122303 \
      FL /home/bismarck/Desktop/VHDLDemo/Demo/multipexer.vhd \
      PB ieee/std_logic_1164 1381692176
AR work/multipexer/Structural 1580122304 \
      FL /home/bismarck/Desktop/VHDLDemo/Demo/multipexer.vhd EN work/multipexer 1580122303 \
      CP notgate CP and2gate CP or2gate
FL /home/bismarck/Desktop/VHDLDemo/Demo/multiplexer.vhd 2020/01/18.19:11:00 P.20131013
EN work/multiplexer 1579374665 \
      FL /home/bismarck/Desktop/VHDLDemo/Demo/multiplexer.vhd \
      PB ieee/std_logic_1164 1381692176
AR work/multiplexer/Behavioral 1579374666 \
      FL /home/bismarck/Desktop/VHDLDemo/Demo/multiplexer.vhd EN work/multiplexer 1579374665
FL /home/bismarck/Desktop/VHDLDemo/Demo/mux.vhd 2020/01/20.06:29:29 P.20131013
EN work/mux 1579507059 FL /home/bismarck/Desktop/VHDLDemo/Demo/mux.vhd \
      PB ieee/std_logic_1164 1381692176
AR work/mux/Dataflow 1579507060 \
      FL /home/bismarck/Desktop/VHDLDemo/Demo/mux.vhd EN work/mux 1579507059
FL /home/bismarck/Desktop/VHDLDemo/Demo/mux_single_condition.vhd 2020/01/23.15:37:06 P.20131013
EN work/mux_single_condition 1579793831 \
      FL /home/bismarck/Desktop/VHDLDemo/Demo/mux_single_condition.vhd \
      PB ieee/std_logic_1164 1381692176
AR work/mux_single_condition/Behavioral 1579793832 \
      FL /home/bismarck/Desktop/VHDLDemo/Demo/mux_single_condition.vhd \
      EN work/mux_single_condition 1579793831
FL /home/bismarck/Desktop/VHDLDemo/Demo/my_circuit.vhd 2020/01/23.08:17:24 P.20131013
EN work/my_circuit 1579767461 \
      FL /home/bismarck/Desktop/VHDLDemo/Demo/my_circuit.vhd \
      PB ieee/std_logic_1164 1381692176
AR work/my_circuit/Behavioral 1579767462 \
      FL /home/bismarck/Desktop/VHDLDemo/Demo/my_circuit.vhd EN work/my_circuit 1579767461
FL /home/bismarck/Desktop/VHDLDemo/Demo/my_circuit_signals.vhd 2020/01/23.10:49:54 P.20131013
EN work/my_circuit_signals 1579776609 \
      FL /home/bismarck/Desktop/VHDLDemo/Demo/my_circuit_signals.vhd \
      PB ieee/std_logic_1164 1381692176
AR work/my_circuit_signals/Behavioral 1579776610 \
      FL /home/bismarck/Desktop/VHDLDemo/Demo/my_circuit_signals.vhd \
      EN work/my_circuit_signals 1579776609
FL /home/bismarck/Desktop/VHDLDemo/Demo/my_ent.vhd 2020/01/22.20:53:27 P.20131013
EN work/my_ent 1579726419 FL /home/bismarck/Desktop/VHDLDemo/Demo/my_ent.vhd \
      PB ieee/std_logic_1164 1381692176 PB ieee/NUMERIC_STD 1381692181
AR work/my_ent/Behavioral 1579726420 \
      FL /home/bismarck/Desktop/VHDLDemo/Demo/my_ent.vhd EN work/my_ent 1579726419
FL /home/bismarck/Desktop/VHDLDemo/Demo/my_xor.vhd 2020/02/11.10:45:05 P.20131013
EN work/my_xor 1581417914 FL /home/bismarck/Desktop/VHDLDemo/Demo/my_xor.vhd \
      PB ieee/std_logic_1164 1381692176
AR work/my_xor/Behavioral 1581417915 \
      FL /home/bismarck/Desktop/VHDLDemo/Demo/my_xor.vhd EN work/my_xor 1581417914
FL /home/bismarck/Desktop/VHDLDemo/Demo/notgate.vhd 2020/01/20.08:24:37 P.20131013
EN work/notgate 1580122297 FL /home/bismarck/Desktop/VHDLDemo/Demo/notgate.vhd \
      PB ieee/std_logic_1164 1381692176
AR work/notgate/Dataflow 1580122298 \
      FL /home/bismarck/Desktop/VHDLDemo/Demo/notgate.vhd EN work/notgate 1580122297
FL /home/bismarck/Desktop/VHDLDemo/Demo/ok.vhd 2020/01/22.20:50:36 P.20131013
EN work/ok 1579726255 FL /home/bismarck/Desktop/VHDLDemo/Demo/ok.vhd \
      PB ieee/std_logic_1164 1381692176 PB ieee/NUMERIC_STD 1381692181
AR work/ok/Behavioral 1579726256 \
      FL /home/bismarck/Desktop/VHDLDemo/Demo/ok.vhd EN work/ok 1579726255
FL /home/bismarck/Desktop/VHDLDemo/Demo/or2gate.vhd 2020/01/20.08:20:46 P.20131013
EN work/or2gate 1580122301 FL /home/bismarck/Desktop/VHDLDemo/Demo/or2gate.vhd \
      PB ieee/std_logic_1164 1381692176
AR work/or2gate/Dataflow 1580122302 \
      FL /home/bismarck/Desktop/VHDLDemo/Demo/or2gate.vhd EN work/or2gate 1580122301
FL /home/bismarck/Desktop/VHDLDemo/Demo/process_if.vhd 2020/02/20.22:45:51 P.20131013
EN work/process_if 1582238775 \
      FL /home/bismarck/Desktop/VHDLDemo/Demo/process_if.vhd \
      PB ieee/std_logic_1164 1381692176
AR work/process_if/process_if_OP 1582238776 \
      FL /home/bismarck/Desktop/VHDLDemo/Demo/process_if.vhd EN work/process_if 1582238775
FL /home/bismarck/Desktop/VHDLDemo/Demo/process_mux.vhd 2020/02/20.22:58:34 P.20131013
EN work/process_mux 1582702771 \
      FL /home/bismarck/Desktop/VHDLDemo/Demo/process_mux.vhd \
      PB ieee/std_logic_1164 1381692176
AR work/process_mux/process_mux_OP 1582702772 \
      FL /home/bismarck/Desktop/VHDLDemo/Demo/process_mux.vhd EN work/process_mux 1582702771
FL /home/bismarck/Desktop/VHDLDemo/Demo/process_one.vhd 2020/02/14.07:11:42 P.20131013
EN work/process_one 1582237808 \
      FL /home/bismarck/Desktop/VHDLDemo/Demo/process_one.vhd \
      PB ieee/std_logic_1164 1381692176
AR work/process_one/process_op 1582237809 \
      FL /home/bismarck/Desktop/VHDLDemo/Demo/process_one.vhd EN work/process_one 1582237808
FL /home/bismarck/Desktop/VHDLDemo/Demo/select_signals_1.vhd 2020/01/27.10:36:34 P.20131013
EN work/select_signals_1 0 \
      FL /home/bismarck/Desktop/VHDLDemo/Demo/select_signals_1.vhd \
      PB ieee/std_logic_1164 1381692176
AR work/select_signals_1/Behavioral 0 \
      FL /home/bismarck/Desktop/VHDLDemo/Demo/select_signals_1.vhd \
      EN work/select_signals_1 0
FL /home/bismarck/Desktop/VHDLDemo/Demo/select_signals_2.vhd 2020/01/27.10:44:36 P.20131013
EN work/select_signals_2 1580122006 \
      FL /home/bismarck/Desktop/VHDLDemo/Demo/select_signals_2.vhd \
      PB ieee/std_logic_1164 1381692176
AR work/select_signals_2/Behavioral 1580122007 \
      FL /home/bismarck/Desktop/VHDLDemo/Demo/select_signals_2.vhd \
      EN work/select_signals_2 1580122006
