AR ckt_2 behavioral /home/bismarck/Desktop/VHDLDemo/LAB2_Electrical/ckt_2.vhd sub00/vhpl01 1580474602
EN ckt_2 NULL /home/bismarck/Desktop/VHDLDemo/LAB2_Electrical/ckt_2.vhd sub00/vhpl00 1580474601
EN ckt_3 NULL /home/bismarck/Desktop/VHDLDemo/LAB2_Electrical/ckt_3.vhd sub00/vhpl02 1580476595
AR ckt_3 behavioral /home/bismarck/Desktop/VHDLDemo/LAB2_Electrical/ckt_3.vhd sub00/vhpl03 1580476596
